2025-08-01T21:34:12.820Z	info	Metrics	{"resource": {"service.instance.id": "a9330dba-2875-4708-b89a-29d5150e7310", "service.name": "nrdot-collector-k8s", "service.version": "1.2.0"}, "otelcol.component.id": "debug", "otelcol.component.kind": "exporter", "otelcol.signal": "metrics", "resource metrics": 7, "metrics": 18, "data points": 185}
2025-08-01T21:34:12.823Z	info	ResourceMetrics #0
Resource SchemaURL: https://opentelemetry.io/schemas/1.9.0
ScopeMetrics #0
ScopeMetrics SchemaURL: 
InstrumentationScope github.com/open-telemetry/opentelemetry-collector-contrib/receiver/hostmetricsreceiver/internal/scraper/networkscraper 1.2.0
Metric #0
Descriptor:
     -> Name: system.network.dropped
     -> Description: The number of packets dropped.
     -> Unit: {packets}
     -> DataType: Sum
     -> IsMonotonic: true
     -> AggregationTemporality: Cumulative
NumberDataPoints #0
Data point attributes:
     -> device: Str(lo)
     -> direction: Str(transmit)
StartTimestamp: 2025-07-02 23:24:38 +0000 UTC
Timestamp: 2025-08-01 21:34:12.810359839 +0000 UTC
Value: 0
NumberDataPoints #1
Data point attributes:
     -> device: Str(lo)
     -> direction: Str(receive)
StartTimestamp: 2025-07-02 23:24:38 +0000 UTC
Timestamp: 2025-08-01 21:34:12.810359839 +0000 UTC
Value: 0
NumberDataPoints #2
Data point attributes:
     -> device: Str(eth0)
     -> direction: Str(transmit)
StartTimestamp: 2025-07-02 23:24:38 +0000 UTC
Timestamp: 2025-08-01 21:34:12.810359839 +0000 UTC
Value: 0
NumberDataPoints #3
Data point attributes:
     -> device: Str(eth0)
     -> direction: Str(receive)
StartTimestamp: 2025-07-02 23:24:38 +0000 UTC
Timestamp: 2025-08-01 21:34:12.810359839 +0000 UTC
Value: 0
Metric #1
Descriptor:
     -> Name: system.network.errors
     -> Description: The number of errors encountered.
     -> Unit: {errors}
     -> DataType: Sum
     -> IsMonotonic: true
     -> AggregationTemporality: Cumulative
NumberDataPoints #0
Data point attributes:
     -> device: Str(lo)
     -> direction: Str(transmit)
StartTimestamp: 2025-07-02 23:24:38 +0000 UTC
Timestamp: 2025-08-01 21:34:12.810359839 +0000 UTC
Value: 0
NumberDataPoints #1
Data point attributes:
     -> device: Str(lo)
     -> direction: Str(receive)
StartTimestamp: 2025-07-02 23:24:38 +0000 UTC
Timestamp: 2025-08-01 21:34:12.810359839 +0000 UTC
Value: 0
NumberDataPoints #2
Data point attributes:
     -> device: Str(eth0)
     -> direction: Str(transmit)
StartTimestamp: 2025-07-02 23:24:38 +0000 UTC
Timestamp: 2025-08-01 21:34:12.810359839 +0000 UTC
Value: 0
NumberDataPoints #3
Data point attributes:
     -> device: Str(eth0)
     -> direction: Str(receive)
StartTimestamp: 2025-07-02 23:24:38 +0000 UTC
Timestamp: 2025-08-01 21:34:12.810359839 +0000 UTC
Value: 0
Metric #2
Descriptor:
     -> Name: system.network.io
     -> Description: The number of bytes transmitted and received.
     -> Unit: By
     -> DataType: Sum
     -> IsMonotonic: true
     -> AggregationTemporality: Cumulative
NumberDataPoints #0
Data point attributes:
     -> device: Str(lo)
     -> direction: Str(transmit)
StartTimestamp: 2025-07-02 23:24:38 +0000 UTC
Timestamp: 2025-08-01 21:34:12.810359839 +0000 UTC
Value: 0
NumberDataPoints #1
Data point attributes:
     -> device: Str(lo)
     -> direction: Str(receive)
StartTimestamp: 2025-07-02 23:24:38 +0000 UTC
Timestamp: 2025-08-01 21:34:12.810359839 +0000 UTC
Value: 0
NumberDataPoints #2
Data point attributes:
     -> device: Str(eth0)
     -> direction: Str(transmit)
StartTimestamp: 2025-07-02 23:24:38 +0000 UTC
Timestamp: 2025-08-01 21:34:12.810359839 +0000 UTC
Value: 4353963
NumberDataPoints #3
Data point attributes:
     -> device: Str(eth0)
     -> direction: Str(receive)
StartTimestamp: 2025-07-02 23:24:38 +0000 UTC
Timestamp: 2025-08-01 21:34:12.810359839 +0000 UTC
Value: 50538593
Metric #3
Descriptor:
     -> Name: system.network.packets
     -> Description: The number of packets transferred.
     -> Unit: {packets}
     -> DataType: Sum
     -> IsMonotonic: true
     -> AggregationTemporality: Cumulative
NumberDataPoints #0
Data point attributes:
     -> device: Str(lo)
     -> direction: Str(transmit)
StartTimestamp: 2025-07-02 23:24:38 +0000 UTC
Timestamp: 2025-08-01 21:34:12.810359839 +0000 UTC
Value: 0
NumberDataPoints #1
Data point attributes:
     -> device: Str(lo)
     -> direction: Str(receive)
StartTimestamp: 2025-07-02 23:24:38 +0000 UTC
Timestamp: 2025-08-01 21:34:12.810359839 +0000 UTC
Value: 0
NumberDataPoints #2
Data point attributes:
     -> device: Str(eth0)
     -> direction: Str(transmit)
StartTimestamp: 2025-07-02 23:24:38 +0000 UTC
Timestamp: 2025-08-01 21:34:12.810359839 +0000 UTC
Value: 21489
NumberDataPoints #3
Data point attributes:
     -> device: Str(eth0)
     -> direction: Str(receive)
StartTimestamp: 2025-07-02 23:24:38 +0000 UTC
Timestamp: 2025-08-01 21:34:12.810359839 +0000 UTC
Value: 17308
ResourceMetrics #1
Resource SchemaURL: https://opentelemetry.io/schemas/1.9.0
ScopeMetrics #0
ScopeMetrics SchemaURL: 
InstrumentationScope github.com/open-telemetry/opentelemetry-collector-contrib/receiver/hostmetricsreceiver/internal/scraper/pagingscraper 1.2.0
Metric #0
Descriptor:
     -> Name: system.paging.operations
     -> Description: The number of paging operations.
     -> Unit: {operations}
     -> DataType: Sum
     -> IsMonotonic: true
     -> AggregationTemporality: Cumulative
NumberDataPoints #0
Data point attributes:
     -> direction: Str(page_in)
     -> type: Str(major)
StartTimestamp: 2025-07-02 23:24:38 +0000 UTC
Timestamp: 2025-08-01 21:34:12.810624574 +0000 UTC
Value: 0
NumberDataPoints #1
Data point attributes:
     -> direction: Str(page_out)
     -> type: Str(major)
StartTimestamp: 2025-07-02 23:24:38 +0000 UTC
Timestamp: 2025-08-01 21:34:12.810624574 +0000 UTC
Value: 0
NumberDataPoints #2
Data point attributes:
     -> direction: Str(page_in)
     -> type: Str(minor)
StartTimestamp: 2025-07-02 23:24:38 +0000 UTC
Timestamp: 2025-08-01 21:34:12.810624574 +0000 UTC
Value: 14432698368
NumberDataPoints #3
Data point attributes:
     -> direction: Str(page_out)
     -> type: Str(minor)
StartTimestamp: 2025-07-02 23:24:38 +0000 UTC
Timestamp: 2025-08-01 21:34:12.810624574 +0000 UTC
Value: 4403494457344
ResourceMetrics #2
Resource SchemaURL: https://opentelemetry.io/schemas/1.9.0
ScopeMetrics #0
ScopeMetrics SchemaURL: 
InstrumentationScope github.com/open-telemetry/opentelemetry-collector-contrib/receiver/hostmetricsreceiver/internal/scraper/memoryscraper 1.2.0
Metric #0
Descriptor:
     -> Name: system.memory.usage
     -> Description: Bytes of memory in use.
     -> Unit: By
     -> DataType: Sum
     -> IsMonotonic: false
     -> AggregationTemporality: Cumulative
NumberDataPoints #0
Data point attributes:
     -> state: Str(used)
StartTimestamp: 2025-07-02 23:24:38 +0000 UTC
Timestamp: 2025-08-01 21:34:12.810815594 +0000 UTC
Value: 1622368256
NumberDataPoints #1
Data point attributes:
     -> state: Str(free)
StartTimestamp: 2025-07-02 23:24:38 +0000 UTC
Timestamp: 2025-08-01 21:34:12.810815594 +0000 UTC
Value: 4298264576
NumberDataPoints #2
Data point attributes:
     -> state: Str(buffered)
StartTimestamp: 2025-07-02 23:24:38 +0000 UTC
Timestamp: 2025-08-01 21:34:12.810815594 +0000 UTC
Value: 111468544
NumberDataPoints #3
Data point attributes:
     -> state: Str(cached)
StartTimestamp: 2025-07-02 23:24:38 +0000 UTC
Timestamp: 2025-08-01 21:34:12.810815594 +0000 UTC
Value: 2301321216
NumberDataPoints #4
Data point attributes:
     -> state: Str(slab_reclaimable)
StartTimestamp: 2025-07-02 23:24:38 +0000 UTC
Timestamp: 2025-08-01 21:34:12.810815594 +0000 UTC
Value: 268021760
NumberDataPoints #5
Data point attributes:
     -> state: Str(slab_unreclaimable)
StartTimestamp: 2025-07-02 23:24:38 +0000 UTC
Timestamp: 2025-08-01 21:34:12.810815594 +0000 UTC
Value: 83644416
Metric #1
Descriptor:
     -> Name: system.memory.utilization
     -> Description: Percentage of memory bytes in use.
     -> Unit: 1
     -> DataType: Gauge
NumberDataPoints #0
Data point attributes:
     -> state: Str(used)
StartTimestamp: 2025-07-02 23:24:38 +0000 UTC
Timestamp: 2025-08-01 21:34:12.810815594 +0000 UTC
Value: 0.194682
NumberDataPoints #1
Data point attributes:
     -> state: Str(free)
StartTimestamp: 2025-07-02 23:24:38 +0000 UTC
Timestamp: 2025-08-01 21:34:12.810815594 +0000 UTC
Value: 0.515786
NumberDataPoints #2
Data point attributes:
     -> state: Str(buffered)
StartTimestamp: 2025-07-02 23:24:38 +0000 UTC
Timestamp: 2025-08-01 21:34:12.810815594 +0000 UTC
Value: 0.013376
NumberDataPoints #3
Data point attributes:
     -> state: Str(cached)
StartTimestamp: 2025-07-02 23:24:38 +0000 UTC
Timestamp: 2025-08-01 21:34:12.810815594 +0000 UTC
Value: 0.276156
NumberDataPoints #4
Data point attributes:
     -> state: Str(slab_reclaimable)
StartTimestamp: 2025-07-02 23:24:38 +0000 UTC
Timestamp: 2025-08-01 21:34:12.810815594 +0000 UTC
Value: 0.032162
NumberDataPoints #5
Data point attributes:
     -> state: Str(slab_unreclaimable)
StartTimestamp: 2025-07-02 23:24:38 +0000 UTC
Timestamp: 2025-08-01 21:34:12.810815594 +0000 UTC
Value: 0.010037
ResourceMetrics #3
Resource SchemaURL: https://opentelemetry.io/schemas/1.9.0
ScopeMetrics #0
ScopeMetrics SchemaURL: 
InstrumentationScope github.com/open-telemetry/opentelemetry-collector-contrib/receiver/hostmetricsreceiver/internal/scraper/loadscraper 1.2.0
Metric #0
Descriptor:
     -> Name: system.cpu.load_average.15m
     -> Description: Average CPU Load over 15 minutes.
     -> Unit: {thread}
     -> DataType: Gauge
NumberDataPoints #0
StartTimestamp: 2025-07-02 23:24:38 +0000 UTC
Timestamp: 2025-08-01 21:34:12.810991641 +0000 UTC
Value: 1.050000
Metric #1
Descriptor:
     -> Name: system.cpu.load_average.1m
     -> Description: Average CPU Load over 1 minute.
     -> Unit: {thread}
     -> DataType: Gauge
NumberDataPoints #0
StartTimestamp: 2025-07-02 23:24:38 +0000 UTC
Timestamp: 2025-08-01 21:34:12.810991641 +0000 UTC
Value: 0.540000
Metric #2
Descriptor:
     -> Name: system.cpu.load_average.5m
     -> Description: Average CPU Load over 5 minutes.
     -> Unit: {thread}
     -> DataType: Gauge
NumberDataPoints #0
StartTimestamp: 2025-07-02 23:24:38 +0000 UTC
Timestamp: 2025-08-01 21:34:12.810991641 +0000 UTC
Value: 0.810000
ResourceMetrics #4
Resource SchemaURL: https://opentelemetry.io/schemas/1.9.0
ScopeMetrics #0
ScopeMetrics SchemaURL: 
InstrumentationScope github.com/open-telemetry/opentelemetry-collector-contrib/receiver/hostmetricsreceiver/internal/scraper/cpuscraper 1.2.0
Metric #0
Descriptor:
     -> Name: system.cpu.utilization
     -> Description: Difference in system.cpu.time since the last measurement per logical CPU, divided by the elapsed time (value in interval [0,1]).
     -> Unit: 1
     -> DataType: Gauge
NumberDataPoints #0
Data point attributes:
     -> cpu: Str(cpu0)
     -> state: Str(user)
StartTimestamp: 2025-07-02 23:24:38 +0000 UTC
Timestamp: 2025-08-01 21:34:12.811056347 +0000 UTC
Value: 0.204278
NumberDataPoints #1
Data point attributes:
     -> cpu: Str(cpu0)
     -> state: Str(system)
StartTimestamp: 2025-07-02 23:24:38 +0000 UTC
Timestamp: 2025-08-01 21:34:12.811056347 +0000 UTC
Value: 0.027956
NumberDataPoints #2
Data point attributes:
     -> cpu: Str(cpu0)
     -> state: Str(idle)
StartTimestamp: 2025-07-02 23:24:38 +0000 UTC
Timestamp: 2025-08-01 21:34:12.811056347 +0000 UTC
Value: 0.757157
NumberDataPoints #3
Data point attributes:
     -> cpu: Str(cpu0)
     -> state: Str(interrupt)
StartTimestamp: 2025-07-02 23:24:38 +0000 UTC
Timestamp: 2025-08-01 21:34:12.811056347 +0000 UTC
Value: 0.000000
NumberDataPoints #4
Data point attributes:
     -> cpu: Str(cpu0)
     -> state: Str(nice)
StartTimestamp: 2025-07-02 23:24:38 +0000 UTC
Timestamp: 2025-08-01 21:34:12.811056347 +0000 UTC
Value: 0.000000
NumberDataPoints #5
Data point attributes:
     -> cpu: Str(cpu0)
     -> state: Str(softirq)
StartTimestamp: 2025-07-02 23:24:38 +0000 UTC
Timestamp: 2025-08-01 21:34:12.811056347 +0000 UTC
Value: 0.002526
NumberDataPoints #6
Data point attributes:
     -> cpu: Str(cpu0)
     -> state: Str(steal)
StartTimestamp: 2025-07-02 23:24:38 +0000 UTC
Timestamp: 2025-08-01 21:34:12.811056347 +0000 UTC
Value: 0.001179
NumberDataPoints #7
Data point attributes:
     -> cpu: Str(cpu0)
     -> state: Str(wait)
StartTimestamp: 2025-07-02 23:24:38 +0000 UTC
Timestamp: 2025-08-01 21:34:12.811056347 +0000 UTC
Value: 0.006905
NumberDataPoints #8
Data point attributes:
     -> cpu: Str(cpu1)
     -> state: Str(user)
StartTimestamp: 2025-07-02 23:24:38 +0000 UTC
Timestamp: 2025-08-01 21:34:12.811056347 +0000 UTC
Value: 0.202423
NumberDataPoints #9
Data point attributes:
     -> cpu: Str(cpu1)
     -> state: Str(system)
StartTimestamp: 2025-07-02 23:24:38 +0000 UTC
Timestamp: 2025-08-01 21:34:12.811056347 +0000 UTC
Value: 0.030119
NumberDataPoints #10
Data point attributes:
     -> cpu: Str(cpu1)
     -> state: Str(idle)
StartTimestamp: 2025-07-02 23:24:38 +0000 UTC
Timestamp: 2025-08-01 21:34:12.811056347 +0000 UTC
Value: 0.753996
NumberDataPoints #11
Data point attributes:
     -> cpu: Str(cpu1)
     -> state: Str(interrupt)
StartTimestamp: 2025-07-02 23:24:38 +0000 UTC
Timestamp: 2025-08-01 21:34:12.811056347 +0000 UTC
Value: 0.000000
NumberDataPoints #12
Data point attributes:
     -> cpu: Str(cpu1)
     -> state: Str(nice)
StartTimestamp: 2025-07-02 23:24:38 +0000 UTC
Timestamp: 2025-08-01 21:34:12.811056347 +0000 UTC
Value: 0.000000
NumberDataPoints #13
Data point attributes:
     -> cpu: Str(cpu1)
     -> state: Str(softirq)
StartTimestamp: 2025-07-02 23:24:38 +0000 UTC
Timestamp: 2025-08-01 21:34:12.811056347 +0000 UTC
Value: 0.003197
NumberDataPoints #14
Data point attributes:
     -> cpu: Str(cpu1)
     -> state: Str(steal)
StartTimestamp: 2025-07-02 23:24:38 +0000 UTC
Timestamp: 2025-08-01 21:34:12.811056347 +0000 UTC
Value: 0.001346
NumberDataPoints #15
Data point attributes:
     -> cpu: Str(cpu1)
     -> state: Str(wait)
StartTimestamp: 2025-07-02 23:24:38 +0000 UTC
Timestamp: 2025-08-01 21:34:12.811056347 +0000 UTC
Value: 0.008918
ResourceMetrics #5
Resource SchemaURL: https://opentelemetry.io/schemas/1.9.0
ScopeMetrics #0
ScopeMetrics SchemaURL: 
InstrumentationScope github.com/open-telemetry/opentelemetry-collector-contrib/receiver/hostmetricsreceiver/internal/scraper/diskscraper 1.2.0
Metric #0
Descriptor:
     -> Name: system.disk.io
     -> Description: Disk bytes transferred.
     -> Unit: By
     -> DataType: Sum
     -> IsMonotonic: true
     -> AggregationTemporality: Cumulative
NumberDataPoints #0
Data point attributes:
     -> device: Str(sda)
     -> direction: Str(read)
StartTimestamp: 2025-07-02 23:24:38 +0000 UTC
Timestamp: 2025-08-01 21:34:12.811164936 +0000 UTC
Value: 3608175104
NumberDataPoints #1
Data point attributes:
     -> device: Str(sda)
     -> direction: Str(write)
StartTimestamp: 2025-07-02 23:24:38 +0000 UTC
Timestamp: 2025-08-01 21:34:12.811164936 +0000 UTC
Value: 1102375326720
NumberDataPoints #2
Data point attributes:
     -> device: Str(sda12)
     -> direction: Str(read)
StartTimestamp: 2025-07-02 23:24:38 +0000 UTC
Timestamp: 2025-08-01 21:34:12.811164936 +0000 UTC
Value: 2691072
NumberDataPoints #3
Data point attributes:
     -> device: Str(sda12)
     -> direction: Str(write)
StartTimestamp: 2025-07-02 23:24:38 +0000 UTC
Timestamp: 2025-08-01 21:34:12.811164936 +0000 UTC
Value: 0
NumberDataPoints #4
Data point attributes:
     -> device: Str(dm-0)
     -> direction: Str(read)
StartTimestamp: 2025-07-02 23:24:38 +0000 UTC
Timestamp: 2025-08-01 21:34:12.811164936 +0000 UTC
Value: 565256192
NumberDataPoints #5
Data point attributes:
     -> device: Str(dm-0)
     -> direction: Str(write)
StartTimestamp: 2025-07-02 23:24:38 +0000 UTC
Timestamp: 2025-08-01 21:34:12.811164936 +0000 UTC
Value: 0
NumberDataPoints #6
Data point attributes:
     -> device: Str(sda5)
     -> direction: Str(read)
StartTimestamp: 2025-07-02 23:24:38 +0000 UTC
Timestamp: 2025-08-01 21:34:12.811164936 +0000 UTC
Value: 13844480
NumberDataPoints #7
Data point attributes:
     -> device: Str(sda5)
     -> direction: Str(write)
StartTimestamp: 2025-07-02 23:24:38 +0000 UTC
Timestamp: 2025-08-01 21:34:12.811164936 +0000 UTC
Value: 0
NumberDataPoints #8
Data point attributes:
     -> device: Str(sda11)
     -> direction: Str(read)
StartTimestamp: 2025-07-02 23:24:38 +0000 UTC
Timestamp: 2025-08-01 21:34:12.811164936 +0000 UTC
Value: 1011712
NumberDataPoints #9
Data point attributes:
     -> device: Str(sda11)
     -> direction: Str(write)
StartTimestamp: 2025-07-02 23:24:38 +0000 UTC
Timestamp: 2025-08-01 21:34:12.811164936 +0000 UTC
Value: 0
NumberDataPoints #10
Data point attributes:
     -> device: Str(sda8)
     -> direction: Str(read)
StartTimestamp: 2025-07-02 23:24:38 +0000 UTC
Timestamp: 2025-08-01 21:34:12.811164936 +0000 UTC
Value: 898048
NumberDataPoints #11
Data point attributes:
     -> device: Str(sda8)
     -> direction: Str(write)
StartTimestamp: 2025-07-02 23:24:38 +0000 UTC
Timestamp: 2025-08-01 21:34:12.811164936 +0000 UTC
Value: 0
NumberDataPoints #12
Data point attributes:
     -> device: Str(sda9)
     -> direction: Str(read)
StartTimestamp: 2025-07-02 23:24:38 +0000 UTC
Timestamp: 2025-08-01 21:34:12.811164936 +0000 UTC
Value: 6656
NumberDataPoints #13
Data point attributes:
     -> device: Str(sda9)
     -> direction: Str(write)
StartTimestamp: 2025-07-02 23:24:38 +0000 UTC
Timestamp: 2025-08-01 21:34:12.811164936 +0000 UTC
Value: 0
NumberDataPoints #14
Data point attributes:
     -> device: Str(sda7)
     -> direction: Str(read)
StartTimestamp: 2025-07-02 23:24:38 +0000 UTC
Timestamp: 2025-08-01 21:34:12.811164936 +0000 UTC
Value: 6656
NumberDataPoints #15
Data point attributes:
     -> device: Str(sda7)
     -> direction: Str(write)
StartTimestamp: 2025-07-02 23:24:38 +0000 UTC
Timestamp: 2025-08-01 21:34:12.811164936 +0000 UTC
Value: 0
NumberDataPoints #16
Data point attributes:
     -> device: Str(sda10)
     -> direction: Str(read)
StartTimestamp: 2025-07-02 23:24:38 +0000 UTC
Timestamp: 2025-08-01 21:34:12.811164936 +0000 UTC
Value: 6656
NumberDataPoints #17
Data point attributes:
     -> device: Str(sda10)
     -> direction: Str(write)
StartTimestamp: 2025-07-02 23:24:38 +0000 UTC
Timestamp: 2025-08-01 21:34:12.811164936 +0000 UTC
Value: 0
NumberDataPoints #18
Data point attributes:
     -> device: Str(sda1)
     -> direction: Str(read)
StartTimestamp: 2025-07-02 23:24:38 +0000 UTC
Timestamp: 2025-08-01 21:34:12.811164936 +0000 UTC
Value: 2704430592
NumberDataPoints #19
Data point attributes:
     -> device: Str(sda1)
     -> direction: Str(write)
StartTimestamp: 2025-07-02 23:24:38 +0000 UTC
Timestamp: 2025-08-01 21:34:12.811164936 +0000 UTC
Value: 1102375285760
NumberDataPoints #20
Data point attributes:
     -> device: Str(sda2)
     -> direction: Str(read)
StartTimestamp: 2025-07-02 23:24:38 +0000 UTC
Timestamp: 2025-08-01 21:34:12.811164936 +0000 UTC
Value: 3887104
NumberDataPoints #21
Data point attributes:
     -> device: Str(sda2)
     -> direction: Str(write)
StartTimestamp: 2025-07-02 23:24:38 +0000 UTC
Timestamp: 2025-08-01 21:34:12.811164936 +0000 UTC
Value: 0
NumberDataPoints #22
Data point attributes:
     -> device: Str(sda3)
     -> direction: Str(read)
StartTimestamp: 2025-07-02 23:24:38 +0000 UTC
Timestamp: 2025-08-01 21:34:12.811164936 +0000 UTC
Value: 876646400
NumberDataPoints #23
Data point attributes:
     -> device: Str(sda3)
     -> direction: Str(write)
StartTimestamp: 2025-07-02 23:24:38 +0000 UTC
Timestamp: 2025-08-01 21:34:12.811164936 +0000 UTC
Value: 0
NumberDataPoints #24
Data point attributes:
     -> device: Str(sda4)
     -> direction: Str(read)
StartTimestamp: 2025-07-02 23:24:38 +0000 UTC
Timestamp: 2025-08-01 21:34:12.811164936 +0000 UTC
Value: 3887104
NumberDataPoints #25
Data point attributes:
     -> device: Str(sda4)
     -> direction: Str(write)
StartTimestamp: 2025-07-02 23:24:38 +0000 UTC
Timestamp: 2025-08-01 21:34:12.811164936 +0000 UTC
Value: 0
NumberDataPoints #26
Data point attributes:
     -> device: Str(sda6)
     -> direction: Str(read)
StartTimestamp: 2025-07-02 23:24:38 +0000 UTC
Timestamp: 2025-08-01 21:34:12.811164936 +0000 UTC
Value: 6656
NumberDataPoints #27
Data point attributes:
     -> device: Str(sda6)
     -> direction: Str(write)
StartTimestamp: 2025-07-02 23:24:38 +0000 UTC
Timestamp: 2025-08-01 21:34:12.811164936 +0000 UTC
Value: 0
Metric #1
Descriptor:
     -> Name: system.disk.io_time
     -> Description: Time disk spent activated. On Windows, this is calculated as the inverse of disk idle time.
     -> Unit: s
     -> DataType: Sum
     -> IsMonotonic: true
     -> AggregationTemporality: Cumulative
NumberDataPoints #0
Data point attributes:
     -> device: Str(sda9)
StartTimestamp: 2025-07-02 23:24:38 +0000 UTC
Timestamp: 2025-08-01 21:34:12.811164936 +0000 UTC
Value: 0.008000
NumberDataPoints #1
Data point attributes:
     -> device: Str(sda8)
StartTimestamp: 2025-07-02 23:24:38 +0000 UTC
Timestamp: 2025-08-01 21:34:12.811164936 +0000 UTC
Value: 0.029000
NumberDataPoints #2
Data point attributes:
     -> device: Str(sda2)
StartTimestamp: 2025-07-02 23:24:38 +0000 UTC
Timestamp: 2025-08-01 21:34:12.811164936 +0000 UTC
Value: 0.130000
NumberDataPoints #3
Data point attributes:
     -> device: Str(sda3)
StartTimestamp: 2025-07-02 23:24:38 +0000 UTC
Timestamp: 2025-08-01 21:34:12.811164936 +0000 UTC
Value: 20.709000
NumberDataPoints #4
Data point attributes:
     -> device: Str(sda4)
StartTimestamp: 2025-07-02 23:24:38 +0000 UTC
Timestamp: 2025-08-01 21:34:12.811164936 +0000 UTC
Value: 0.113000
NumberDataPoints #5
Data point attributes:
     -> device: Str(sda6)
StartTimestamp: 2025-07-02 23:24:38 +0000 UTC
Timestamp: 2025-08-01 21:34:12.811164936 +0000 UTC
Value: 0.007000
NumberDataPoints #6
Data point attributes:
     -> device: Str(sda7)
StartTimestamp: 2025-07-02 23:24:38 +0000 UTC
Timestamp: 2025-08-01 21:34:12.811164936 +0000 UTC
Value: 0.008000
NumberDataPoints #7
Data point attributes:
     -> device: Str(sda10)
StartTimestamp: 2025-07-02 23:24:38 +0000 UTC
Timestamp: 2025-08-01 21:34:12.811164936 +0000 UTC
Value: 0.004000
NumberDataPoints #8
Data point attributes:
     -> device: Str(sda1)
StartTimestamp: 2025-07-02 23:24:38 +0000 UTC
Timestamp: 2025-08-01 21:34:12.811164936 +0000 UTC
Value: 57536.304000
NumberDataPoints #9
Data point attributes:
     -> device: Str(sda12)
StartTimestamp: 2025-07-02 23:24:38 +0000 UTC
Timestamp: 2025-08-01 21:34:12.811164936 +0000 UTC
Value: 0.092000
NumberDataPoints #10
Data point attributes:
     -> device: Str(dm-0)
StartTimestamp: 2025-07-02 23:24:38 +0000 UTC
Timestamp: 2025-08-01 21:34:12.811164936 +0000 UTC
Value: 25.608000
NumberDataPoints #11
Data point attributes:
     -> device: Str(sda)
StartTimestamp: 2025-07-02 23:24:38 +0000 UTC
Timestamp: 2025-08-01 21:34:12.811164936 +0000 UTC
Value: 57309.194000
NumberDataPoints #12
Data point attributes:
     -> device: Str(sda11)
StartTimestamp: 2025-07-02 23:24:38 +0000 UTC
Timestamp: 2025-08-01 21:34:12.811164936 +0000 UTC
Value: 0.116000
NumberDataPoints #13
Data point attributes:
     -> device: Str(sda5)
StartTimestamp: 2025-07-02 23:24:38 +0000 UTC
Timestamp: 2025-08-01 21:34:12.811164936 +0000 UTC
Value: 0.145000
Metric #2
Descriptor:
     -> Name: system.disk.operation_time
     -> Description: Time spent in disk operations.
     -> Unit: s
     -> DataType: Sum
     -> IsMonotonic: true
     -> AggregationTemporality: Cumulative
NumberDataPoints #0
Data point attributes:
     -> device: Str(sda)
     -> direction: Str(read)
StartTimestamp: 2025-07-02 23:24:38 +0000 UTC
Timestamp: 2025-08-01 21:34:12.811164936 +0000 UTC
Value: 333.840000
NumberDataPoints #1
Data point attributes:
     -> device: Str(sda)
     -> direction: Str(write)
StartTimestamp: 2025-07-02 23:24:38 +0000 UTC
Timestamp: 2025-08-01 21:34:12.811164936 +0000 UTC
Value: 79624.096000
NumberDataPoints #2
Data point attributes:
     -> device: Str(sda12)
     -> direction: Str(read)
StartTimestamp: 2025-07-02 23:24:38 +0000 UTC
Timestamp: 2025-08-01 21:34:12.811164936 +0000 UTC
Value: 0.114000
NumberDataPoints #3
Data point attributes:
     -> device: Str(sda12)
     -> direction: Str(write)
StartTimestamp: 2025-07-02 23:24:38 +0000 UTC
Timestamp: 2025-08-01 21:34:12.811164936 +0000 UTC
Value: 0.000000
NumberDataPoints #4
Data point attributes:
     -> device: Str(dm-0)
     -> direction: Str(read)
StartTimestamp: 2025-07-02 23:24:38 +0000 UTC
Timestamp: 2025-08-01 21:34:12.811164936 +0000 UTC
Value: 49.151000
NumberDataPoints #5
Data point attributes:
     -> device: Str(dm-0)
     -> direction: Str(write)
StartTimestamp: 2025-07-02 23:24:38 +0000 UTC
Timestamp: 2025-08-01 21:34:12.811164936 +0000 UTC
Value: 0.000000
NumberDataPoints #6
Data point attributes:
     -> device: Str(sda5)
     -> direction: Str(read)
StartTimestamp: 2025-07-02 23:24:38 +0000 UTC
Timestamp: 2025-08-01 21:34:12.811164936 +0000 UTC
Value: 0.182000
NumberDataPoints #7
Data point attributes:
     -> device: Str(sda5)
     -> direction: Str(write)
StartTimestamp: 2025-07-02 23:24:38 +0000 UTC
Timestamp: 2025-08-01 21:34:12.811164936 +0000 UTC
Value: 0.000000
NumberDataPoints #8
Data point attributes:
     -> device: Str(sda11)
     -> direction: Str(read)
StartTimestamp: 2025-07-02 23:24:38 +0000 UTC
Timestamp: 2025-08-01 21:34:12.811164936 +0000 UTC
Value: 0.118000
NumberDataPoints #9
Data point attributes:
     -> device: Str(sda11)
     -> direction: Str(write)
StartTimestamp: 2025-07-02 23:24:38 +0000 UTC
Timestamp: 2025-08-01 21:34:12.811164936 +0000 UTC
Value: 0.000000
NumberDataPoints #10
Data point attributes:
     -> device: Str(sda8)
     -> direction: Str(read)
StartTimestamp: 2025-07-02 23:24:38 +0000 UTC
Timestamp: 2025-08-01 21:34:12.811164936 +0000 UTC
Value: 0.035000
NumberDataPoints #11
Data point attributes:
     -> device: Str(sda8)
     -> direction: Str(write)
StartTimestamp: 2025-07-02 23:24:38 +0000 UTC
Timestamp: 2025-08-01 21:34:12.811164936 +0000 UTC
Value: 0.000000
NumberDataPoints #12
Data point attributes:
     -> device: Str(sda9)
     -> direction: Str(read)
StartTimestamp: 2025-07-02 23:24:38 +0000 UTC
Timestamp: 2025-08-01 21:34:12.811164936 +0000 UTC
Value: 0.006000
NumberDataPoints #13
Data point attributes:
     -> device: Str(sda9)
     -> direction: Str(write)
StartTimestamp: 2025-07-02 23:24:38 +0000 UTC
Timestamp: 2025-08-01 21:34:12.811164936 +0000 UTC
Value: 0.000000
NumberDataPoints #14
Data point attributes:
     -> device: Str(sda4)
     -> direction: Str(read)
StartTimestamp: 2025-07-02 23:24:38 +0000 UTC
Timestamp: 2025-08-01 21:34:12.811164936 +0000 UTC
Value: 0.146000
NumberDataPoints #15
Data point attributes:
     -> device: Str(sda4)
     -> direction: Str(write)
StartTimestamp: 2025-07-02 23:24:38 +0000 UTC
Timestamp: 2025-08-01 21:34:12.811164936 +0000 UTC
Value: 0.000000
NumberDataPoints #16
Data point attributes:
     -> device: Str(sda6)
     -> direction: Str(read)
StartTimestamp: 2025-07-02 23:24:38 +0000 UTC
Timestamp: 2025-08-01 21:34:12.811164936 +0000 UTC
Value: 0.006000
NumberDataPoints #17
Data point attributes:
     -> device: Str(sda6)
     -> direction: Str(write)
StartTimestamp: 2025-07-02 23:24:38 +0000 UTC
Timestamp: 2025-08-01 21:34:12.811164936 +0000 UTC
Value: 0.000000
NumberDataPoints #18
Data point attributes:
     -> device: Str(sda7)
     -> direction: Str(read)
StartTimestamp: 2025-07-02 23:24:38 +0000 UTC
Timestamp: 2025-08-01 21:34:12.811164936 +0000 UTC
Value: 0.006000
NumberDataPoints #19
Data point attributes:
     -> device: Str(sda7)
     -> direction: Str(write)
StartTimestamp: 2025-07-02 23:24:38 +0000 UTC
Timestamp: 2025-08-01 21:34:12.811164936 +0000 UTC
Value: 0.000000
NumberDataPoints #20
Data point attributes:
     -> device: Str(sda10)
     -> direction: Str(read)
StartTimestamp: 2025-07-02 23:24:38 +0000 UTC
Timestamp: 2025-08-01 21:34:12.811164936 +0000 UTC
Value: 0.006000
NumberDataPoints #21
Data point attributes:
     -> device: Str(sda10)
     -> direction: Str(write)
StartTimestamp: 2025-07-02 23:24:38 +0000 UTC
Timestamp: 2025-08-01 21:34:12.811164936 +0000 UTC
Value: 0.000000
NumberDataPoints #22
Data point attributes:
     -> device: Str(sda1)
     -> direction: Str(read)
StartTimestamp: 2025-07-02 23:24:38 +0000 UTC
Timestamp: 2025-08-01 21:34:12.811164936 +0000 UTC
Value: 291.967000
NumberDataPoints #23
Data point attributes:
     -> device: Str(sda1)
     -> direction: Str(write)
StartTimestamp: 2025-07-02 23:24:38 +0000 UTC
Timestamp: 2025-08-01 21:34:12.811164936 +0000 UTC
Value: 79624.088000
NumberDataPoints #24
Data point attributes:
     -> device: Str(sda2)
     -> direction: Str(read)
StartTimestamp: 2025-07-02 23:24:38 +0000 UTC
Timestamp: 2025-08-01 21:34:12.811164936 +0000 UTC
Value: 0.158000
NumberDataPoints #25
Data point attributes:
     -> device: Str(sda2)
     -> direction: Str(write)
StartTimestamp: 2025-07-02 23:24:38 +0000 UTC
Timestamp: 2025-08-01 21:34:12.811164936 +0000 UTC
Value: 0.000000
NumberDataPoints #26
Data point attributes:
     -> device: Str(sda3)
     -> direction: Str(read)
StartTimestamp: 2025-07-02 23:24:38 +0000 UTC
Timestamp: 2025-08-01 21:34:12.811164936 +0000 UTC
Value: 41.053000
NumberDataPoints #27
Data point attributes:
     -> device: Str(sda3)
     -> direction: Str(write)
StartTimestamp: 2025-07-02 23:24:38 +0000 UTC
Timestamp: 2025-08-01 21:34:12.811164936 +0000 UTC
Value: 0.000000
Metric #3
Descriptor:
     -> Name: system.disk.operations
     -> Description: Disk operations count.
     -> Unit: {operations}
     -> DataType: Sum
     -> IsMonotonic: true
     -> AggregationTemporality: Cumulative
NumberDataPoints #0
Data point attributes:
     -> device: Str(sda12)
     -> direction: Str(read)
StartTimestamp: 2025-07-02 23:24:38 +0000 UTC
Timestamp: 2025-08-01 21:34:12.811164936 +0000 UTC
Value: 216
NumberDataPoints #1
Data point attributes:
     -> device: Str(sda12)
     -> direction: Str(write)
StartTimestamp: 2025-07-02 23:24:38 +0000 UTC
Timestamp: 2025-08-01 21:34:12.811164936 +0000 UTC
Value: 0
NumberDataPoints #2
Data point attributes:
     -> device: Str(dm-0)
     -> direction: Str(read)
StartTimestamp: 2025-07-02 23:24:38 +0000 UTC
Timestamp: 2025-08-01 21:34:12.811164936 +0000 UTC
Value: 15321
NumberDataPoints #3
Data point attributes:
     -> device: Str(dm-0)
     -> direction: Str(write)
StartTimestamp: 2025-07-02 23:24:38 +0000 UTC
Timestamp: 2025-08-01 21:34:12.811164936 +0000 UTC
Value: 0
NumberDataPoints #4
Data point attributes:
     -> device: Str(sda)
     -> direction: Str(read)
StartTimestamp: 2025-07-02 23:24:38 +0000 UTC
Timestamp: 2025-08-01 21:34:12.811164936 +0000 UTC
Value: 161191
NumberDataPoints #5
Data point attributes:
     -> device: Str(sda)
     -> direction: Str(write)
StartTimestamp: 2025-07-02 23:24:38 +0000 UTC
Timestamp: 2025-08-01 21:34:12.811164936 +0000 UTC
Value: 106606738
NumberDataPoints #6
Data point attributes:
     -> device: Str(sda11)
     -> direction: Str(read)
StartTimestamp: 2025-07-02 23:24:38 +0000 UTC
Timestamp: 2025-08-01 21:34:12.811164936 +0000 UTC
Value: 247
NumberDataPoints #7
Data point attributes:
     -> device: Str(sda11)
     -> direction: Str(write)
StartTimestamp: 2025-07-02 23:24:38 +0000 UTC
Timestamp: 2025-08-01 21:34:12.811164936 +0000 UTC
Value: 0
NumberDataPoints #8
Data point attributes:
     -> device: Str(sda5)
     -> direction: Str(read)
StartTimestamp: 2025-07-02 23:24:38 +0000 UTC
Timestamp: 2025-08-01 21:34:12.811164936 +0000 UTC
Value: 364
NumberDataPoints #9
Data point attributes:
     -> device: Str(sda5)
     -> direction: Str(write)
StartTimestamp: 2025-07-02 23:24:38 +0000 UTC
Timestamp: 2025-08-01 21:34:12.811164936 +0000 UTC
Value: 0
NumberDataPoints #10
Data point attributes:
     -> device: Str(sda9)
     -> direction: Str(read)
StartTimestamp: 2025-07-02 23:24:38 +0000 UTC
Timestamp: 2025-08-01 21:34:12.811164936 +0000 UTC
Value: 13
NumberDataPoints #11
Data point attributes:
     -> device: Str(sda9)
     -> direction: Str(write)
StartTimestamp: 2025-07-02 23:24:38 +0000 UTC
Timestamp: 2025-08-01 21:34:12.811164936 +0000 UTC
Value: 0
NumberDataPoints #12
Data point attributes:
     -> device: Str(sda8)
     -> direction: Str(read)
StartTimestamp: 2025-07-02 23:24:38 +0000 UTC
Timestamp: 2025-08-01 21:34:12.811164936 +0000 UTC
Value: 73
NumberDataPoints #13
Data point attributes:
     -> device: Str(sda8)
     -> direction: Str(write)
StartTimestamp: 2025-07-02 23:24:38 +0000 UTC
Timestamp: 2025-08-01 21:34:12.811164936 +0000 UTC
Value: 0
NumberDataPoints #14
Data point attributes:
     -> device: Str(sda2)
     -> direction: Str(read)
StartTimestamp: 2025-07-02 23:24:38 +0000 UTC
Timestamp: 2025-08-01 21:34:12.811164936 +0000 UTC
Value: 299
NumberDataPoints #15
Data point attributes:
     -> device: Str(sda2)
     -> direction: Str(write)
StartTimestamp: 2025-07-02 23:24:38 +0000 UTC
Timestamp: 2025-08-01 21:34:12.811164936 +0000 UTC
Value: 0
NumberDataPoints #16
Data point attributes:
     -> device: Str(sda3)
     -> direction: Str(read)
StartTimestamp: 2025-07-02 23:24:38 +0000 UTC
Timestamp: 2025-08-01 21:34:12.811164936 +0000 UTC
Value: 16375
NumberDataPoints #17
Data point attributes:
     -> device: Str(sda3)
     -> direction: Str(write)
StartTimestamp: 2025-07-02 23:24:38 +0000 UTC
Timestamp: 2025-08-01 21:34:12.811164936 +0000 UTC
Value: 0
NumberDataPoints #18
Data point attributes:
     -> device: Str(sda4)
     -> direction: Str(read)
StartTimestamp: 2025-07-02 23:24:38 +0000 UTC
Timestamp: 2025-08-01 21:34:12.811164936 +0000 UTC
Value: 299
NumberDataPoints #19
Data point attributes:
     -> device: Str(sda4)
     -> direction: Str(write)
StartTimestamp: 2025-07-02 23:24:38 +0000 UTC
Timestamp: 2025-08-01 21:34:12.811164936 +0000 UTC
Value: 0
NumberDataPoints #20
Data point attributes:
     -> device: Str(sda6)
     -> direction: Str(read)
StartTimestamp: 2025-07-02 23:24:38 +0000 UTC
Timestamp: 2025-08-01 21:34:12.811164936 +0000 UTC
Value: 13
NumberDataPoints #21
Data point attributes:
     -> device: Str(sda6)
     -> direction: Str(write)
StartTimestamp: 2025-07-02 23:24:38 +0000 UTC
Timestamp: 2025-08-01 21:34:12.811164936 +0000 UTC
Value: 0
NumberDataPoints #22
Data point attributes:
     -> device: Str(sda7)
     -> direction: Str(read)
StartTimestamp: 2025-07-02 23:24:38 +0000 UTC
Timestamp: 2025-08-01 21:34:12.811164936 +0000 UTC
Value: 13
NumberDataPoints #23
Data point attributes:
     -> device: Str(sda7)
     -> direction: Str(write)
StartTimestamp: 2025-07-02 23:24:38 +0000 UTC
Timestamp: 2025-08-01 21:34:12.811164936 +0000 UTC
Value: 0
NumberDataPoints #24
Data point attributes:
     -> device: Str(sda10)
     -> direction: Str(read)
StartTimestamp: 2025-07-02 23:24:38 +0000 UTC
Timestamp: 2025-08-01 21:34:12.811164936 +0000 UTC
Value: 13
NumberDataPoints #25
Data point attributes:
     -> device: Str(sda10)
     -> direction: Str(write)
StartTimestamp: 2025-07-02 23:24:38 +0000 UTC
Timestamp: 2025-08-01 21:34:12.811164936 +0000 UTC
Value: 0
NumberDataPoints #26
Data point attributes:
     -> device: Str(sda1)
     -> direction: Str(read)
StartTimestamp: 2025-07-02 23:24:38 +0000 UTC
Timestamp: 2025-08-01 21:34:12.811164936 +0000 UTC
Value: 143209
NumberDataPoints #27
Data point attributes:
     -> device: Str(sda1)
     -> direction: Str(write)
StartTimestamp: 2025-07-02 23:24:38 +0000 UTC
Timestamp: 2025-08-01 21:34:12.811164936 +0000 UTC
Value: 106606730
ResourceMetrics #6
Resource SchemaURL: https://opentelemetry.io/schemas/1.9.0
ScopeMetrics #0
ScopeMetrics SchemaURL: 
InstrumentationScope github.com/open-telemetry/opentelemetry-collector-contrib/receiver/hostmetricsreceiver/internal/scraper/filesystemscraper 1.2.0
Metric #0
Descriptor:
     -> Name: system.filesystem.inodes.usage
     -> Description: FileSystem inodes used.
     -> Unit: {inodes}
     -> DataType: Sum
     -> IsMonotonic: false
     -> AggregationTemporality: Cumulative
NumberDataPoints #0
Data point attributes:
     -> device: Str(/dev/sda1)
     -> mode: Str(ro)
     -> mountpoint: Str(/config)
     -> type: Str(ext4)
     -> state: Str(used)
StartTimestamp: 2025-07-02 23:24:38 +0000 UTC
Timestamp: 2025-08-01 21:34:12.811813923 +0000 UTC
Value: 286575
NumberDataPoints #1
Data point attributes:
     -> device: Str(/dev/sda1)
     -> mode: Str(ro)
     -> mountpoint: Str(/config)
     -> type: Str(ext4)
     -> state: Str(free)
StartTimestamp: 2025-07-02 23:24:38 +0000 UTC
Timestamp: 2025-08-01 21:34:12.811813923 +0000 UTC
Value: 5972145
NumberDataPoints #2
Data point attributes:
     -> device: Str(/dev/sda1)
     -> mode: Str(rw)
     -> mountpoint: Str(/etc/hosts)
     -> type: Str(ext4)
     -> state: Str(used)
StartTimestamp: 2025-07-02 23:24:38 +0000 UTC
Timestamp: 2025-08-01 21:34:12.811813923 +0000 UTC
Value: 286575
NumberDataPoints #3
Data point attributes:
     -> device: Str(/dev/sda1)
     -> mode: Str(rw)
     -> mountpoint: Str(/etc/hosts)
     -> type: Str(ext4)
     -> state: Str(free)
StartTimestamp: 2025-07-02 23:24:38 +0000 UTC
Timestamp: 2025-08-01 21:34:12.811813923 +0000 UTC
Value: 5972145
NumberDataPoints #4
Data point attributes:
     -> device: Str(/dev/sda1)
     -> mode: Str(rw)
     -> mountpoint: Str(/dev/termination-log)
     -> type: Str(ext4)
     -> state: Str(used)
StartTimestamp: 2025-07-02 23:24:38 +0000 UTC
Timestamp: 2025-08-01 21:34:12.811813923 +0000 UTC
Value: 286575
NumberDataPoints #5
Data point attributes:
     -> device: Str(/dev/sda1)
     -> mode: Str(rw)
     -> mountpoint: Str(/dev/termination-log)
     -> type: Str(ext4)
     -> state: Str(free)
StartTimestamp: 2025-07-02 23:24:38 +0000 UTC
Timestamp: 2025-08-01 21:34:12.811813923 +0000 UTC
Value: 5972145
NumberDataPoints #6
Data point attributes:
     -> device: Str(/dev/sda1)
     -> mode: Str(ro)
     -> mountpoint: Str(/etc/hostname)
     -> type: Str(ext4)
     -> state: Str(used)
StartTimestamp: 2025-07-02 23:24:38 +0000 UTC
Timestamp: 2025-08-01 21:34:12.811813923 +0000 UTC
Value: 286575
NumberDataPoints #7
Data point attributes:
     -> device: Str(/dev/sda1)
     -> mode: Str(ro)
     -> mountpoint: Str(/etc/hostname)
     -> type: Str(ext4)
     -> state: Str(free)
StartTimestamp: 2025-07-02 23:24:38 +0000 UTC
Timestamp: 2025-08-01 21:34:12.811813923 +0000 UTC
Value: 5972145
NumberDataPoints #8
Data point attributes:
     -> device: Str(/dev/sda1)
     -> mode: Str(ro)
     -> mountpoint: Str(/etc/resolv.conf)
     -> type: Str(ext4)
     -> state: Str(used)
StartTimestamp: 2025-07-02 23:24:38 +0000 UTC
Timestamp: 2025-08-01 21:34:12.811813923 +0000 UTC
Value: 286575
NumberDataPoints #9
Data point attributes:
     -> device: Str(/dev/sda1)
     -> mode: Str(ro)
     -> mountpoint: Str(/etc/resolv.conf)
     -> type: Str(ext4)
     -> state: Str(free)
StartTimestamp: 2025-07-02 23:24:38 +0000 UTC
Timestamp: 2025-08-01 21:34:12.811813923 +0000 UTC
Value: 5972145
NumberDataPoints #10
Data point attributes:
     -> device: Str(/dev/sda1)
     -> mode: Str(ro)
     -> mountpoint: Str(/var/log/pods)
     -> type: Str(ext4)
     -> state: Str(used)
StartTimestamp: 2025-07-02 23:24:38 +0000 UTC
Timestamp: 2025-08-01 21:34:12.811813923 +0000 UTC
Value: 286575
NumberDataPoints #11
Data point attributes:
     -> device: Str(/dev/sda1)
     -> mode: Str(ro)
     -> mountpoint: Str(/var/log/pods)
     -> type: Str(ext4)
     -> state: Str(free)
StartTimestamp: 2025-07-02 23:24:38 +0000 UTC
Timestamp: 2025-08-01 21:34:12.811813923 +0000 UTC
Value: 5972145
Metric #1
Descriptor:
     -> Name: system.filesystem.usage
     -> Description: Filesystem bytes used.
     -> Unit: By
     -> DataType: Sum
     -> IsMonotonic: false
     -> AggregationTemporality: Cumulative
NumberDataPoints #0
Data point attributes:
     -> device: Str(/dev/sda1)
     -> mode: Str(ro)
     -> mountpoint: Str(/config)
     -> type: Str(ext4)
     -> state: Str(used)
StartTimestamp: 2025-07-02 23:24:38 +0000 UTC
Timestamp: 2025-08-01 21:34:12.811813923 +0000 UTC
Value: 16499224576
NumberDataPoints #1
Data point attributes:
     -> device: Str(/dev/sda1)
     -> mode: Str(ro)
     -> mountpoint: Str(/config)
     -> type: Str(ext4)
     -> state: Str(free)
StartTimestamp: 2025-07-02 23:24:38 +0000 UTC
Timestamp: 2025-08-01 21:34:12.811813923 +0000 UTC
Value: 84687872000
NumberDataPoints #2
Data point attributes:
     -> device: Str(/dev/sda1)
     -> mode: Str(ro)
     -> mountpoint: Str(/config)
     -> type: Str(ext4)
     -> state: Str(reserved)
StartTimestamp: 2025-07-02 23:24:38 +0000 UTC
Timestamp: 2025-08-01 21:34:12.811813923 +0000 UTC
Value: 16777216
NumberDataPoints #3
Data point attributes:
     -> device: Str(/dev/sda1)
     -> mode: Str(rw)
     -> mountpoint: Str(/etc/hosts)
     -> type: Str(ext4)
     -> state: Str(used)
StartTimestamp: 2025-07-02 23:24:38 +0000 UTC
Timestamp: 2025-08-01 21:34:12.811813923 +0000 UTC
Value: 16499224576
NumberDataPoints #4
Data point attributes:
     -> device: Str(/dev/sda1)
     -> mode: Str(rw)
     -> mountpoint: Str(/etc/hosts)
     -> type: Str(ext4)
     -> state: Str(free)
StartTimestamp: 2025-07-02 23:24:38 +0000 UTC
Timestamp: 2025-08-01 21:34:12.811813923 +0000 UTC
Value: 84687872000
NumberDataPoints #5
Data point attributes:
     -> device: Str(/dev/sda1)
     -> mode: Str(rw)
     -> mountpoint: Str(/etc/hosts)
     -> type: Str(ext4)
     -> state: Str(reserved)
StartTimestamp: 2025-07-02 23:24:38 +0000 UTC
Timestamp: 2025-08-01 21:34:12.811813923 +0000 UTC
Value: 16777216
NumberDataPoints #6
Data point attributes:
     -> device: Str(/dev/sda1)
     -> mode: Str(rw)
     -> mountpoint: Str(/dev/termination-log)
     -> type: Str(ext4)
     -> state: Str(used)
StartTimestamp: 2025-07-02 23:24:38 +0000 UTC
Timestamp: 2025-08-01 21:34:12.811813923 +0000 UTC
Value: 16499224576
NumberDataPoints #7
Data point attributes:
     -> device: Str(/dev/sda1)
     -> mode: Str(rw)
     -> mountpoint: Str(/dev/termination-log)
     -> type: Str(ext4)
     -> state: Str(free)
StartTimestamp: 2025-07-02 23:24:38 +0000 UTC
Timestamp: 2025-08-01 21:34:12.811813923 +0000 UTC
Value: 84687872000
NumberDataPoints #8
Data point attributes:
     -> device: Str(/dev/sda1)
     -> mode: Str(rw)
     -> mountpoint: Str(/dev/termination-log)
     -> type: Str(ext4)
     -> state: Str(reserved)
StartTimestamp: 2025-07-02 23:24:38 +0000 UTC
Timestamp: 2025-08-01 21:34:12.811813923 +0000 UTC
Value: 16777216
NumberDataPoints #9
Data point attributes:
     -> device: Str(/dev/sda1)
     -> mode: Str(ro)
     -> mountpoint: Str(/etc/hostname)
     -> type: Str(ext4)
     -> state: Str(used)
StartTimestamp: 2025-07-02 23:24:38 +0000 UTC
Timestamp: 2025-08-01 21:34:12.811813923 +0000 UTC
Value: 16499224576
NumberDataPoints #10
Data point attributes:
     -> device: Str(/dev/sda1)
     -> mode: Str(ro)
     -> mountpoint: Str(/etc/hostname)
     -> type: Str(ext4)
     -> state: Str(free)
StartTimestamp: 2025-07-02 23:24:38 +0000 UTC
Timestamp: 2025-08-01 21:34:12.811813923 +0000 UTC
Value: 84687872000
NumberDataPoints #11
Data point attributes:
     -> device: Str(/dev/sda1)
     -> mode: Str(ro)
     -> mountpoint: Str(/etc/hostname)
     -> type: Str(ext4)
     -> state: Str(reserved)
StartTimestamp: 2025-07-02 23:24:38 +0000 UTC
Timestamp: 2025-08-01 21:34:12.811813923 +0000 UTC
Value: 16777216
NumberDataPoints #12
Data point attributes:
     -> device: Str(/dev/sda1)
     -> mode: Str(ro)
     -> mountpoint: Str(/etc/resolv.conf)
     -> type: Str(ext4)
     -> state: Str(used)
StartTimestamp: 2025-07-02 23:24:38 +0000 UTC
Timestamp: 2025-08-01 21:34:12.811813923 +0000 UTC
Value: 16499224576
NumberDataPoints #13
Data point attributes:
     -> device: Str(/dev/sda1)
     -> mode: Str(ro)
     -> mountpoint: Str(/etc/resolv.conf)
     -> type: Str(ext4)
     -> state: Str(free)
StartTimestamp: 2025-07-02 23:24:38 +0000 UTC
Timestamp: 2025-08-01 21:34:12.811813923 +0000 UTC
Value: 84687872000
NumberDataPoints #14
Data point attributes:
     -> device: Str(/dev/sda1)
     -> mode: Str(ro)
     -> mountpoint: Str(/etc/resolv.conf)
     -> type: Str(ext4)
     -> state: Str(reserved)
StartTimestamp: 2025-07-02 23:24:38 +0000 UTC
Timestamp: 2025-08-01 21:34:12.811813923 +0000 UTC
Value: 16777216
NumberDataPoints #15
Data point attributes:
     -> device: Str(/dev/sda1)
     -> mode: Str(ro)
     -> mountpoint: Str(/var/log/pods)
     -> type: Str(ext4)
     -> state: Str(used)
StartTimestamp: 2025-07-02 23:24:38 +0000 UTC
Timestamp: 2025-08-01 21:34:12.811813923 +0000 UTC
Value: 16499224576
NumberDataPoints #16
Data point attributes:
     -> device: Str(/dev/sda1)
     -> mode: Str(ro)
     -> mountpoint: Str(/var/log/pods)
     -> type: Str(ext4)
     -> state: Str(free)
StartTimestamp: 2025-07-02 23:24:38 +0000 UTC
Timestamp: 2025-08-01 21:34:12.811813923 +0000 UTC
Value: 84687872000
NumberDataPoints #17
Data point attributes:
     -> device: Str(/dev/sda1)
     -> mode: Str(ro)
     -> mountpoint: Str(/var/log/pods)
     -> type: Str(ext4)
     -> state: Str(reserved)
StartTimestamp: 2025-07-02 23:24:38 +0000 UTC
Timestamp: 2025-08-01 21:34:12.811813923 +0000 UTC
Value: 16777216
Metric #2
Descriptor:
     -> Name: system.filesystem.utilization
     -> Description: Fraction of filesystem bytes used.
     -> Unit: 1
     -> DataType: Gauge
NumberDataPoints #0
Data point attributes:
     -> device: Str(/dev/sda1)
     -> mode: Str(ro)
     -> mountpoint: Str(/config)
     -> type: Str(ext4)
StartTimestamp: 2025-07-02 23:24:38 +0000 UTC
Timestamp: 2025-08-01 21:34:12.811813923 +0000 UTC
Value: 0.163057
NumberDataPoints #1
Data point attributes:
     -> device: Str(/dev/sda1)
     -> mode: Str(rw)
     -> mountpoint: Str(/etc/hosts)
     -> type: Str(ext4)
StartTimestamp: 2025-07-02 23:24:38 +0000 UTC
Timestamp: 2025-08-01 21:34:12.811813923 +0000 UTC
Value: 0.163057
NumberDataPoints #2
Data point attributes:
     -> device: Str(/dev/sda1)
     -> mode: Str(rw)
     -> mountpoint: Str(/dev/termination-log)
     -> type: Str(ext4)
StartTimestamp: 2025-07-02 23:24:38 +0000 UTC
Timestamp: 2025-08-01 21:34:12.811813923 +0000 UTC
Value: 0.163057
NumberDataPoints #3
Data point attributes:
     -> device: Str(/dev/sda1)
     -> mode: Str(ro)
     -> mountpoint: Str(/etc/hostname)
     -> type: Str(ext4)
StartTimestamp: 2025-07-02 23:24:38 +0000 UTC
Timestamp: 2025-08-01 21:34:12.811813923 +0000 UTC
Value: 0.163057
NumberDataPoints #4
Data point attributes:
     -> device: Str(/dev/sda1)
     -> mode: Str(ro)
     -> mountpoint: Str(/etc/resolv.conf)
     -> type: Str(ext4)
StartTimestamp: 2025-07-02 23:24:38 +0000 UTC
Timestamp: 2025-08-01 21:34:12.811813923 +0000 UTC
Value: 0.163057
NumberDataPoints #5
Data point attributes:
     -> device: Str(/dev/sda1)
     -> mode: Str(ro)
     -> mountpoint: Str(/var/log/pods)
     -> type: Str(ext4)
StartTimestamp: 2025-07-02 23:24:38 +0000 UTC
Timestamp: 2025-08-01 21:34:12.811813923 +0000 UTC
Value: 0.163057
	{"resource": {"service.instance.id": "a9330dba-2875-4708-b89a-29d5150e7310", "service.name": "nrdot-collector-k8s", "service.version": "1.2.0"}, "otelcol.component.id": "debug", "otelcol.component.kind": "exporter", "otelcol.signal": "metrics"}
2025-08-01T21:34:12.827Z	error	kubeletstatsreceiver@v0.128.0/scraper.go:123	call to /stats/summary endpoint failed	{"resource": {"service.instance.id": "a9330dba-2875-4708-b89a-29d5150e7310", "service.name": "nrdot-collector-k8s", "service.version": "1.2.0"}, "otelcol.component.id": "kubeletstats", "otelcol.component.kind": "receiver", "otelcol.signal": "metrics", "error": "Get \"http://gke-tnguyen-windows-tnguyen-windows-l-c53523a5-5lqm:10255/stats/summary\": dial tcp 10.10.1.196:10255: connect: connection refused"}
github.com/open-telemetry/opentelemetry-collector-contrib/receiver/kubeletstatsreceiver.(*kubeletScraper).scrape
	github.com/open-telemetry/opentelemetry-collector-contrib/receiver/kubeletstatsreceiver@v0.128.0/scraper.go:123
go.opentelemetry.io/collector/scraper.ScrapeMetricsFunc.ScrapeMetrics
	go.opentelemetry.io/collector/scraper@v0.128.0/metrics.go:24
go.opentelemetry.io/collector/scraper/scraperhelper.wrapObsMetrics.func1
	go.opentelemetry.io/collector/scraper/scraperhelper@v0.128.0/obs_metrics.go:57
go.opentelemetry.io/collector/scraper.ScrapeMetricsFunc.ScrapeMetrics
	go.opentelemetry.io/collector/scraper@v0.128.0/metrics.go:24
go.opentelemetry.io/collector/scraper/scraperhelper.scrapeMetrics
	go.opentelemetry.io/collector/scraper/scraperhelper@v0.128.0/controller.go:256
go.opentelemetry.io/collector/scraper/scraperhelper.NewMetricsController.func1
	go.opentelemetry.io/collector/scraper/scraperhelper@v0.128.0/controller.go:228
go.opentelemetry.io/collector/scraper/scraperhelper.(*controller[...]).startScraping.func1
	go.opentelemetry.io/collector/scraper/scraperhelper@v0.128.0/controller.go:175
2025-08-01T21:34:12.827Z	error	scraperhelper@v0.128.0/obs_metrics.go:61	Error scraping metrics	{"resource": {"service.instance.id": "a9330dba-2875-4708-b89a-29d5150e7310", "service.name": "nrdot-collector-k8s", "service.version": "1.2.0"}, "otelcol.component.id": "kubeletstats", "otelcol.component.kind": "receiver", "otelcol.signal": "metrics", "error": "Get \"http://gke-tnguyen-windows-tnguyen-windows-l-c53523a5-5lqm:10255/stats/summary\": dial tcp 10.10.1.196:10255: connect: connection refused"}
go.opentelemetry.io/collector/scraper/scraperhelper.wrapObsMetrics.func1
	go.opentelemetry.io/collector/scraper/scraperhelper@v0.128.0/obs_metrics.go:61
go.opentelemetry.io/collector/scraper.ScrapeMetricsFunc.ScrapeMetrics
	go.opentelemetry.io/collector/scraper@v0.128.0/metrics.go:24
go.opentelemetry.io/collector/scraper/scraperhelper.scrapeMetrics
	go.opentelemetry.io/collector/scraper/scraperhelper@v0.128.0/controller.go:256
go.opentelemetry.io/collector/scraper/scraperhelper.NewMetricsController.func1
	go.opentelemetry.io/collector/scraper/scraperhelper@v0.128.0/controller.go:228
go.opentelemetry.io/collector/scraper/scraperhelper.(*controller[...]).startScraping.func1
	go.opentelemetry.io/collector/scraper/scraperhelper@v0.128.0/controller.go:175
2025-08-01T21:34:12.827Z	info	Metrics	{"resource": {"service.instance.id": "a9330dba-2875-4708-b89a-29d5150e7310", "service.name": "nrdot-collector-k8s", "service.version": "1.2.0"}, "otelcol.component.id": "debug", "otelcol.component.kind": "exporter", "otelcol.signal": "metrics", "resource metrics": 0, "metrics": 0, "data points": 0}
2025-08-01T21:34:12.827Z	info		{"resource": {"service.instance.id": "a9330dba-2875-4708-b89a-29d5150e7310", "service.name": "nrdot-collector-k8s", "service.version": "1.2.0"}, "otelcol.component.id": "debug", "otelcol.component.kind": "exporter", "otelcol.signal": "metrics"}
